PPL evaluation: ctx=512 chunks=32 backend=CPU threads=4
start: 2026-09-13 20:51:29
==============================================
[20:51:29] evaluating A0-f16-baseline ...
  exit=0 time=511s  PPL = PPL = 8.7471 +/- 0.25195
[21:00:00] evaluating B7-q4km-noimat ...
  exit=0 time=438s  PPL = PPL = 9.1546 +/- 0.26598
[21:07:18] evaluating B1-q4km-imat ...
  exit=0 time=503s  PPL = PPL = 9.0038 +/- 0.26120
[21:15:41] evaluating B2-iq4xs-noimat ...
  exit=0 time=475s  PPL = PPL = 9.3576 +/- 0.27268
[21:23:36] evaluating B3-iq4xs-imat ...
  exit=0 time=429s  PPL = PPL = 9.0924 +/- 0.26433
[21:30:45] evaluating B4-iq4xs-imat-embdQ6 ...
  exit=0 time=365s  PPL = PPL = 9.0924 +/- 0.26433
[21:36:50] evaluating B8-iq4xs-imat-embdQ8 ...
  exit=0 time=338s  PPL = PPL = 9.1005 +/- 0.26455
[21:42:28] evaluating B5-iq3xxs-imat ...
  exit=0 time=314s  PPL = PPL = 10.7153 +/- 0.31673
[21:47:42] evaluating B6-iq3xxs-imat-embdQ6 ...
  exit=0 time=351s  PPL = PPL = 10.6181 +/- 0.31455
[21:53:33] evaluating B9-iq3xxs-imat-embdQ8 ...
  exit=0 time=328s  PPL = PPL = 10.6277 +/- 0.31462
[21:59:01] evaluating Z-delivered-q4km ...
  exit=0 time=285s  PPL = PPL = 9.1546 +/- 0.26598
==============================================
PPL SUMMARY (chunks=32)
A0-f16-baseline|PPL = 8.7471 +/- 0.25195|511s
B7-q4km-noimat|PPL = 9.1546 +/- 0.26598|438s
B1-q4km-imat|PPL = 9.0038 +/- 0.26120|503s
B2-iq4xs-noimat|PPL = 9.3576 +/- 0.27268|475s
B3-iq4xs-imat|PPL = 9.0924 +/- 0.26433|429s
B4-iq4xs-imat-embdQ6|PPL = 9.0924 +/- 0.26433|365s
B8-iq4xs-imat-embdQ8|PPL = 9.1005 +/- 0.26455|338s
B5-iq3xxs-imat|PPL = 10.7153 +/- 0.31673|314s
B6-iq3xxs-imat-embdQ6|PPL = 10.6181 +/- 0.31455|351s
B9-iq3xxs-imat-embdQ8|PPL = 10.6277 +/- 0.31462|328s
Z-delivered-q4km|PPL = 9.1546 +/- 0.26598|285s
end: 2026-09-13 22:03:46
